HAHLABS docker builds starts Thu Aug 15 08:25:21 UTC 2024
export ORG_ID="hahlabs"
export IMAGE_NAME="ubuntu"
export CONTAINER_NAME="ubuntu"
export RELEASE=00.08.03
export IMAGE_TAG=$ORG_ID/$IMAGE_NAME
# push | skip
export PUSH=push
export ENV=alpha
#export DEBUG=-q
export DEBUG=
# valid value "YES"
export TESTRUN=NO
Building docker container:  ubuntu hahlabs/ubuntu
Building image: hahlabs/ubuntu:wip
Tagging container:  ubuntu hahlabs/ubuntu 00.08.03
Tagged  hahlabs/ubuntu:alpha-00.08.03 [OK]
Untagged: hahlabs/ubuntu:wip
hahlabs/ubuntu    alpha-00.08.03   645a7411991b   1 second ago         380MB
hahlabs/ubuntu    shams            358d3c7abd22   30 minutes ago       154MB
hahlabs/ubuntu    shams-00.08.03   358d3c7abd22   30 minutes ago       154MB
Login Succeeded
Pushing image:  hahlabs/ubuntu:alpha-00.08.03
The push refers to repository [docker.io/hahlabs/ubuntu]
5f70bf18a086: Preparing
ee4e20abbf65: Preparing
938246d1349a: Preparing
ac855b0dd6d2: Preparing
f5ac3d0edeed: Preparing
edb0628b9cf9: Preparing
d5531c02f7ab: Preparing
b5acefc8af52: Preparing
feb5453bf5d3: Preparing
931b7ff0cb6f: Preparing
edb0628b9cf9: Waiting
d5531c02f7ab: Waiting
b5acefc8af52: Waiting
feb5453bf5d3: Waiting
931b7ff0cb6f: Waiting
f5ac3d0edeed: Layer already exists
5f70bf18a086: Layer already exists
edb0628b9cf9: Layer already exists
d5531c02f7ab: Layer already exists
b5acefc8af52: Layer already exists
feb5453bf5d3: Layer already exists
931b7ff0cb6f: Layer already exists
ac855b0dd6d2: Pushed
ee4e20abbf65: Pushed
938246d1349a: Pushed
alpha-00.08.03: digest: sha256:3e86d94fea106b8316155ef0213cc7d4695bb4b84ac712470b2f3a083477eae3 size: 2416
The push refers to repository [docker.io/hahlabs/ubuntu]
5f70bf18a086: Preparing
ee4e20abbf65: Preparing
938246d1349a: Preparing
ac855b0dd6d2: Preparing
f5ac3d0edeed: Preparing
edb0628b9cf9: Preparing
d5531c02f7ab: Preparing
b5acefc8af52: Preparing
feb5453bf5d3: Preparing
931b7ff0cb6f: Preparing
d5531c02f7ab: Waiting
b5acefc8af52: Waiting
feb5453bf5d3: Waiting
931b7ff0cb6f: Waiting
938246d1349a: Layer already exists
ac855b0dd6d2: Layer already exists
ee4e20abbf65: Layer already exists
f5ac3d0edeed: Layer already exists
5f70bf18a086: Layer already exists
feb5453bf5d3: Layer already exists
d5531c02f7ab: Layer already exists
b5acefc8af52: Layer already exists
edb0628b9cf9: Layer already exists
931b7ff0cb6f: Layer already exists
alpha: digest: sha256:3e86d94fea106b8316155ef0213cc7d4695bb4b84ac712470b2f3a083477eae3 size: 2416
image:  ubuntu hahlabs/ubuntu:alpha-00.08.03  pushed into repository OK! 0
ubuntu hahlabs/ubuntu-00.08.03  Built [OK]
skip test image.
export ORG_ID="hahlabs"
export IMAGE_NAME="laravel"
export CONTAINER_NAME="hahlabs-app"
export RELEASE=00.08.03
export IMAGE_TAG=$ORG_ID/$IMAGE_NAME
# push | skip
export PUSH=push
export ENV=alpha
#export DEBUG=-q
export DEBUG=
# valid value "YES"
export TESTRUN=NO
echo $ORG_ID/$IMAGE_NAME-$RELEASE $CONTAINER_NAME
hahlabs/laravel-00.08.03 hahlabs-app
Building docker container:  hahlabs-app hahlabs/laravel
Building image: hahlabs/laravel:wip
export ORG_ID="hahlabs"
export IMAGE_NAME="angular"
export CONTAINER_NAME="hahlabs-view"
export RELEASE=00.08.03
export IMAGE_TAG=$ORG_ID/$IMAGE_NAME
# push | skip
export PUSH=push
export ENV=alpha
#export DEBUG=-q
export DEBUG=
# valid value "YES"
export TESTRUN=NO
echo $ORG_ID/$IMAGE_NAME-$RELEASE $CONTAINER_NAME
hahlabs/angular-00.08.03 hahlabs-view
Building docker container:  hahlabs-view hahlabs/angular
export ORG_ID="hahlabs"
export IMAGE_NAME="mysql"
export CONTAINER_NAME="hahlabs-db"
export RELEASE=00.08.03
export IMAGE_TAG=$ORG_ID/$IMAGE_NAME
# push | skip
export PUSH=push
export ENV=alpha
#export DEBUG=-q
export DEBUG=
# valid value "YES"
export TESTRUN=NO
echo $ORG_ID/$IMAGE_NAME-$RELEASE $CONTAINER_NAME
hahlabs/mysql-00.08.03 hahlabs-db
Building docker container:  hahlabs-db hahlabs/mysql
Building image: hahlabs/angular:wip
Building image: hahlabs/mysql:wip
hahlabs/mysql-00.08.03 hahlabs-db
Tagging container:  hahlabs-db hahlabs/mysql 00.08.03
Tagged  hahlabs/mysql:alpha-00.08.03 [OK]
Untagged: hahlabs/mysql:wip
hahlabs/mysql     alpha-00.08.03   1932c5a43d2a   1 second ago         905MB
hahlabs/mysql     shams            8fd8ca12a14d   30 minutes ago       781MB
hahlabs/mysql     shams-00.08.03   8fd8ca12a14d   30 minutes ago       781MB
Login Succeeded
Pushing image:  hahlabs/mysql:alpha-00.08.03
The push refers to repository [docker.io/hahlabs/mysql]
df06f645205b: Preparing
95159336b2cb: Preparing
cf78a1b69cd5: Preparing
aacba10845cf: Preparing
f5ac3d0edeed: Preparing
edb0628b9cf9: Preparing
d5531c02f7ab: Preparing
b5acefc8af52: Preparing
feb5453bf5d3: Preparing
931b7ff0cb6f: Preparing
edb0628b9cf9: Waiting
d5531c02f7ab: Waiting
b5acefc8af52: Waiting
feb5453bf5d3: Waiting
931b7ff0cb6f: Waiting
cf78a1b69cd5: Layer already exists
f5ac3d0edeed: Layer already exists
aacba10845cf: Layer already exists
d5531c02f7ab: Layer already exists
edb0628b9cf9: Layer already exists
b5acefc8af52: Layer already exists
feb5453bf5d3: Layer already exists
931b7ff0cb6f: Layer already exists
95159336b2cb: Pushed
df06f645205b: Pushed
alpha-00.08.03: digest: sha256:43c84157aac341f1a30ddd8022df64a043bd0f1cf8f1a2bf8fd7e03cc0931169 size: 2417
The push refers to repository [docker.io/hahlabs/mysql]
df06f645205b: Preparing
95159336b2cb: Preparing
cf78a1b69cd5: Preparing
aacba10845cf: Preparing
f5ac3d0edeed: Preparing
edb0628b9cf9: Preparing
d5531c02f7ab: Preparing
b5acefc8af52: Preparing
feb5453bf5d3: Preparing
931b7ff0cb6f: Preparing
edb0628b9cf9: Waiting
d5531c02f7ab: Waiting
b5acefc8af52: Waiting
feb5453bf5d3: Waiting
931b7ff0cb6f: Waiting
f5ac3d0edeed: Layer already exists
cf78a1b69cd5: Layer already exists
df06f645205b: Layer already exists
aacba10845cf: Layer already exists
95159336b2cb: Layer already exists
hahlabs/laravel-00.08.03 hahlabs-app
Tagging container:  hahlabs-app hahlabs/laravel 00.08.03
Tagged  hahlabs/laravel:alpha-00.08.03 [OK]
Untagged: hahlabs/laravel:wip
hahlabs/laravel   alpha-00.08.03   d254cb5a1297   1 second ago     1.15GB
hahlabs/laravel   shams            b064b267edd8   2 minutes ago    979MB
hahlabs/laravel   shams-00.08.03   b064b267edd8   2 minutes ago    979MB
931b7ff0cb6f: Layer already exists
d5531c02f7ab: Layer already exists
b5acefc8af52: Layer already exists
feb5453bf5d3: Layer already exists
edb0628b9cf9: Layer already exists
alpha: digest: sha256:43c84157aac341f1a30ddd8022df64a043bd0f1cf8f1a2bf8fd7e03cc0931169 size: 2417
image:  hahlabs-db hahlabs/mysql:alpha-00.08.03  pushed into repository OK! 0
hahlabs-db hahlabs/mysql-00.08.03  Built [OK]
skip test image.
Login Succeeded
Pushing image:  hahlabs/laravel:alpha-00.08.03
The push refers to repository [docker.io/hahlabs/laravel]
fa0fa0ceecf6: Preparing
5f70bf18a086: Preparing
5921d080da05: Preparing
e3e17672edaf: Preparing
5f70bf18a086: Preparing
6a81975c9f23: Preparing
e3e17672edaf: Preparing
5f70bf18a086: Preparing
f5ac3d0edeed: Preparing
edb0628b9cf9: Preparing
d5531c02f7ab: Preparing
b5acefc8af52: Preparing
feb5453bf5d3: Preparing
931b7ff0cb6f: Preparing
edb0628b9cf9: Waiting
d5531c02f7ab: Waiting
b5acefc8af52: Waiting
feb5453bf5d3: Waiting
931b7ff0cb6f: Waiting
f5ac3d0edeed: Waiting
6a81975c9f23: Layer already exists
5f70bf18a086: Layer already exists
e3e17672edaf: Layer already exists
f5ac3d0edeed: Layer already exists
edb0628b9cf9: Layer already exists
d5531c02f7ab: Layer already exists
feb5453bf5d3: Layer already exists
b5acefc8af52: Layer already exists
931b7ff0cb6f: Layer already exists
5921d080da05: Pushed
fa0fa0ceecf6: Pushed
alpha-00.08.03: digest: sha256:27cce3c4cd3aaf40429b5e13df96ef842d97c5ce6db3f06d6904eed93d2a7224 size: 3249
The push refers to repository [docker.io/hahlabs/laravel]
fa0fa0ceecf6: Preparing
5f70bf18a086: Preparing
5921d080da05: Preparing
e3e17672edaf: Preparing
5f70bf18a086: Preparing
6a81975c9f23: Preparing
e3e17672edaf: Preparing
5f70bf18a086: Preparing
f5ac3d0edeed: Preparing
edb0628b9cf9: Preparing
d5531c02f7ab: Preparing
b5acefc8af52: Preparing
feb5453bf5d3: Preparing
931b7ff0cb6f: Preparing
f5ac3d0edeed: Waiting
edb0628b9cf9: Waiting
d5531c02f7ab: Waiting
b5acefc8af52: Waiting
feb5453bf5d3: Waiting
931b7ff0cb6f: Waiting
5921d080da05: Layer already exists
fa0fa0ceecf6: Layer already exists
5f70bf18a086: Layer already exists
e3e17672edaf: Layer already exists
6a81975c9f23: Layer already exists
f5ac3d0edeed: Layer already exists
edb0628b9cf9: Layer already exists
feb5453bf5d3: Layer already exists
d5531c02f7ab: Layer already exists
b5acefc8af52: Layer already exists
931b7ff0cb6f: Layer already exists
alpha: digest: sha256:27cce3c4cd3aaf40429b5e13df96ef842d97c5ce6db3f06d6904eed93d2a7224 size: 3249
image:  hahlabs-app hahlabs/laravel:alpha-00.08.03  pushed into repository OK! 0
hahlabs-app hahlabs/laravel-00.08.03  Built [OK]
skip test image.
hahlabs/angular-00.08.03 hahlabs-view
Tagging container:  hahlabs-view hahlabs/angular 00.08.03
Tagged  hahlabs/angular:alpha-00.08.03 [OK]
Untagged: hahlabs/angular:wip
hahlabs/angular   alpha-00.08.03   dbaca78cef7d   13 seconds ago   1.79GB
hahlabs/angular   shams            3b0497f7bf8c   33 minutes ago   211MB
hahlabs/angular   shams-00.08.03   3b0497f7bf8c   33 minutes ago   211MB
Login Succeeded
Pushing image:  hahlabs/angular:alpha-00.08.03
The push refers to repository [docker.io/hahlabs/angular]
5583a1c678c6: Preparing
fefe43f711f8: Preparing
70a545d35918: Preparing
bab093b59432: Preparing
5f70bf18a086: Preparing
290f6af3421d: Preparing
d7463b2cddc0: Preparing
5f70bf18a086: Preparing
c884539f49d6: Preparing
130d2bed1719: Preparing
f5ac3d0edeed: Preparing
edb0628b9cf9: Preparing
d5531c02f7ab: Preparing
b5acefc8af52: Preparing
feb5453bf5d3: Preparing
931b7ff0cb6f: Preparing
130d2bed1719: Waiting
f5ac3d0edeed: Waiting
edb0628b9cf9: Waiting
d5531c02f7ab: Waiting
b5acefc8af52: Waiting
feb5453bf5d3: Waiting
931b7ff0cb6f: Waiting
290f6af3421d: Waiting
d7463b2cddc0: Waiting
c884539f49d6: Waiting
5f70bf18a086: Layer already exists
5583a1c678c6: Pushed
d7463b2cddc0: Pushed
c884539f49d6: Layer already exists
130d2bed1719: Layer already exists
f5ac3d0edeed: Layer already exists
edb0628b9cf9: Layer already exists
d5531c02f7ab: Layer already exists
b5acefc8af52: Layer already exists
feb5453bf5d3: Layer already exists
931b7ff0cb6f: Layer already exists
fefe43f711f8: Pushed
bab093b59432: Pushed
70a545d35918: Pushed
290f6af3421d: Pushed
alpha-00.08.03: digest: sha256:a96b6ee1f02b7f742b822bef5d63f4b64cd389be61231229b6e26eb8843aafb7 size: 3676
The push refers to repository [docker.io/hahlabs/angular]
5583a1c678c6: Preparing
fefe43f711f8: Preparing
70a545d35918: Preparing
bab093b59432: Preparing
5f70bf18a086: Preparing
290f6af3421d: Preparing
d7463b2cddc0: Preparing
5f70bf18a086: Preparing
c884539f49d6: Preparing
130d2bed1719: Preparing
f5ac3d0edeed: Preparing
edb0628b9cf9: Preparing
d5531c02f7ab: Preparing
b5acefc8af52: Preparing
feb5453bf5d3: Preparing
931b7ff0cb6f: Preparing
290f6af3421d: Waiting
d7463b2cddc0: Waiting
c884539f49d6: Waiting
130d2bed1719: Waiting
f5ac3d0edeed: Waiting
edb0628b9cf9: Waiting
d5531c02f7ab: Waiting
b5acefc8af52: Waiting
feb5453bf5d3: Waiting
931b7ff0cb6f: Waiting
5f70bf18a086: Layer already exists
70a545d35918: Layer already exists
fefe43f711f8: Layer already exists
bab093b59432: Layer already exists
5583a1c678c6: Layer already exists
d7463b2cddc0: Layer already exists
c884539f49d6: Layer already exists
130d2bed1719: Layer already exists
290f6af3421d: Layer already exists
f5ac3d0edeed: Layer already exists
edb0628b9cf9: Layer already exists
d5531c02f7ab: Layer already exists
feb5453bf5d3: Layer already exists
b5acefc8af52: Layer already exists
931b7ff0cb6f: Layer already exists
alpha: digest: sha256:a96b6ee1f02b7f742b822bef5d63f4b64cd389be61231229b6e26eb8843aafb7 size: 3676
image:  hahlabs-view hahlabs/angular:alpha-00.08.03  pushed into repository OK! 0
hahlabs-view hahlabs/angular-00.08.03  Built [OK]
skip test image.
